BOOKING 15.19999 stay-1-1 arrivalDay=1 price=180 room=101
BOOKING 27.00003 stay-1-2 arrivalDay=1 price=180 room=102
BOOKING 39.0000763 stay-1-3 arrivalDay=1 price=180 room=103
BOOKING 51.0001221 stay-1-4 arrivalDay=1 price=180 room=104
BOOKING 63.0001678 stay-1-5 arrivalDay=1 price=180 room=105
BOOKING 75 stay-1-6 arrivalDay=1 price=180 room=106
CHECKIN 192.7982 stay-1-1
CHECKIN 203.598038 stay-1-2
CHECKIN 238.19751 stay-1-3
BOOKING 240.197479 stay-2-1 arrivalDay=2 price=180 room=101
CHECKIN 243.597427 stay-1-4
CHECKIN 248.997345 stay-1-5
BOOKING 252.1973 stay-2-2 arrivalDay=2 price=180 room=102
CHECKIN 254.397263 stay-1-6
BOOKING 264.197723 stay-2-3 arrivalDay=2 price=180 room=103
BOOKING 276.198456 stay-2-4 arrivalDay=2 price=180 room=104
BOOKING 288.1992 stay-2-5 arrivalDay=2 price=180 room=105
BOOKING 300.199921 stay-2-6 arrivalDay=2 price=180 room=106
RECEIPT 466.610077 stay-1-6 agreed=180 gross=180 refunds=90 net=90 satisfaction=35 early=True
RECEIPT 481.4001 stay-1-3 agreed=180 gross=180 refunds=90 net=90 satisfaction=35 early=True
COST 543.003845 maintenance=200 capital=0 operating=0
COST 660.011 maintenance=0 capital=0 operating=350
RECEIPT 780.0183 stay-1-1 agreed=180 gross=180 refunds=0 net=180 satisfaction=82.81282 early=False
RECEIPT 780.0183 stay-1-2 agreed=180 gross=180 refunds=0 net=180 satisfaction=73.49261 early=False
RECEIPT 780.0183 stay-1-4 agreed=180 gross=180 refunds=0 net=180 satisfaction=80.36801 early=False
RECEIPT 780.0183 stay-1-5 agreed=180 gross=180 refunds=0 net=180 satisfaction=76.33892 early=False
COST 830.6214 maintenance=350 capital=0 operating=0
COST 884.8247 maintenance=350 capital=0 operating=0
CHECKIN 933.4277 stay-2-1
CHECKIN 938.628 stay-2-2
CHECKIN 943.8283 stay-2-3
CHECKIN 949.0286 stay-2-4
BOOKING 960.0293 stay-3-1 arrivalDay=3 price=180 room=101
BOOKING 972.03 stay-3-2 arrivalDay=3 price=180 room=102
BOOKING 984.030762 stay-3-3 arrivalDay=3 price=180 room=103
CHECKIN 987.030945 stay-2-5
CHECKIN 992.231262 stay-2-6
BOOKING 1008.03223 stay-3-5 arrivalDay=3 price=180 room=104
BOOKING 1020.03296 stay-3-6 arrivalDay=3 price=180 room=105
BOOKING 1032.03125 stay-3-7 arrivalDay=3 price=180 room=106
CONTRACT 1140,005 due=350 paid=350 cashAfter=900
RECEIPT 1160 stay-2-2 agreed=180 gross=180 refunds=90 net=90 satisfaction=35 early=True
RECEIPT 1186.99341 stay-2-6 agreed=180 gross=180 refunds=90 net=90 satisfaction=35 early=True
COST 1380.156 maintenance=0 capital=0 operating=350
COST 1468.53442 maintenance=200 capital=0 operating=0
RECEIPT 1500.12671 stay-2-1 agreed=180 gross=180 refunds=0 net=180 satisfaction=95.62905 early=False
RECEIPT 1500.12671 stay-2-3 agreed=180 gross=180 refunds=0 net=180 satisfaction=81.773056 early=False
RECEIPT 1500.12671 stay-2-4 agreed=180 gross=180 refunds=0 net=180 satisfaction=69.7443 early=False
RECEIPT 1500.12671 stay-2-5 agreed=180 gross=180 refunds=0 net=180 satisfaction=92.61603 early=False
1631.09473 LINEN_BLOCKED room=104; returning to reception; no stock invented
CHECKIN 1647.69067 stay-3-1
CHECKIN 1653.08936 stay-3-2
CHECKIN 1658.488 stay-3-3
1673.28442 LINEN_BLOCKED room=105; returning to reception; no stock invented
BOOKING 1680.08276 stay-4-1 arrivalDay=4 price=180 room=101
BOOKING 1692.07983 stay-4-2 arrivalDay=4 price=180 room=102
BOOKING 1704.0769 stay-4-3 arrivalDay=4 price=180 room=103
BOOKING 1716.074 stay-4-4 arrivalDay=4 price=180 room=104
CHECKIN 1717.47363 stay-3-7
BOOKING 1728.071 stay-4-5 arrivalDay=4 price=180 room=105
BOOKING 1740.06812 stay-4-6 arrivalDay=4 price=180 room=106
CONTRACT 1860,039 due=400 paid=400 cashAfter=850
COST 2100.156 maintenance=0 capital=0 operating=350
COST 2200.53149 maintenance=200 capital=0 operating=0
RECEIPT 2220.12671 stay-3-1 agreed=180 gross=180 refunds=0 net=180 satisfaction=95.51983 early=False
RECEIPT 2220.12671 stay-3-2 agreed=180 gross=180 refunds=0 net=180 satisfaction=96.90821 early=False
RECEIPT 2220.12671 stay-3-3 agreed=180 gross=180 refunds=0 net=180 satisfaction=90.05484 early=False
RECEIPT 2220.12671 stay-3-5 agreed=180 gross=0 refunds=0 net=0 satisfaction=0 early=False
RECEIPT 2220.12671 stay-3-6 agreed=180 gross=0 refunds=0 net=0 satisfaction=0 early=False
RECEIPT 2220.12671 stay-3-7 agreed=180 gross=180 refunds=0 net=180 satisfaction=94.9405441 early=False
2242.32129 LINEN_BLOCKED room=101; returning to reception; no stock invented
2289.70972 LINEN_BLOCKED room=102; returning to reception; no stock invented
2337.09814 LINEN_BLOCKED room=103; returning to reception; no stock invented
2363.0918 LINEN_BLOCKED room=106; returning to reception; no stock invented
BOOKING 2412.07983 stay-5-2 arrivalDay=5 price=180 room=101
BOOKING 2424.077 stay-5-3 arrivalDay=5 price=180 room=102
BOOKING 2436.074 stay-5-4 arrivalDay=5 price=180 room=103
BOOKING 2448.071 stay-5-5 arrivalDay=5 price=180 room=104
BOOKING 2460.068 stay-5-6 arrivalDay=5 price=180 room=105
BOOKING 2472.06519 stay-5-7 arrivalDay=5 price=180 room=106
CONTRACT 2580,039 due=450 paid=450 cashAfter=570
